palavra inserida: casa
palavra inserida: azulejo
palavra inserida: escola
palavra inserida: parque
palavra inserida: um
palavra inserida: gato
palavra inserida: acompanhamento
palavra inserida: instrumento
azulejo
escola
parque
casa
gato
casa
escola
gato